# console attached  09:50:50
# move a finger on the trackpad. Ctrl-C to stop.
09:54:51 tp raw=0,-17 out=0,-13 hv=0,0
09:54:51 tp raw=0,-1 out=0,0 hv=0,0
09:54:51 tp raw=0,-2 out=0,0 hv=0,0
09:54:51 tp raw=0,17 out=0,13 hv=0,0
09:54:52 tp raw=0,1 out=0,0 hv=0,0
09:54:52 tp raw=0,2 out=0,0 hv=0,0
09:54:52 tp raw=0,2 out=0,0 hv=0,0
09:54:52 tp raw=0,1 out=0,0 hv=0,0
09:54:52 tp raw=0,2 out=0,0 hv=0,0
09:54:52 tp raw=0,2 out=0,0 hv=0,0
09:54:52 tp raw=0,1 out=0,0 hv=0,0
09:54:52 tp raw=0,2 out=0,0 hv=0,0
09:54:52 tp raw=0,1 out=0,0 hv=0,0
09:54:52 tp raw=0,2 out=0,0 hv=0,0
09:54:52 tp raw=0,2 out=0,0 hv=0,0
09:54:52 tp raw=0,1 out=0,0 hv=0,0
09:54:52 tp raw=0,2 out=0,0 hv=0,0
09:54:52 tp raw=0,2 out=0,0 hv=0,0
09:54:52 tp raw=0,1 out=0,0 hv=0,0
09:54:52 tp raw=0,2 out=0,0 hv=0,0
09:54:52 tp raw=0,2 out=0,0 hv=0,0
09:54:53 tp raw=0,1 out=0,0 hv=0,0
09:54:53 tp raw=0,2 out=0,0 hv=0,0
09:54:53 tp raw=0,2 out=0,0 hv=0,0
09:54:53 tp raw=0,1 out=0,0 hv=0,0
09:54:54 tp raw=0,2 out=0,0 hv=0,0
09:54:54 tp raw=0,-17 out=0,-13 hv=0,0
09:54:54 tp raw=0,-1 out=0,0 hv=0,0
09:54:55 tp raw=0,-2 out=0,0 hv=0,0
09:54:55 tp raw=0,-3 out=0,0 hv=0,0
09:54:55 tp raw=17,0 out=13,0 hv=0,0
09:54:55 tp raw=1,0 out=0,0 hv=0,0
09:54:55 tp raw=2,0 out=0,0 hv=0,0
09:54:55 tp raw=2,0 out=0,0 hv=0,0
09:54:55 tp raw=1,0 out=0,0 hv=0,0
09:54:56 tp raw=2,0 out=0,0 hv=0,0
09:54:56 tp raw=2,0 out=0,0 hv=0,0
09:54:56 tp raw=-17,0 out=-13,0 hv=0,0
09:54:58 tp raw=17,0 out=13,0 hv=0,0
09:54:59 tp raw=2,0 out=0,0 hv=0,0
09:54:59 tp raw=0,-2 out=0,0 hv=0,0
09:54:59 tp raw=0,-1 out=0,0 hv=0,0
09:55:00 tp raw=-17,0 out=-13,0 hv=0,0
09:55:00 tp raw=-2,0 out=0,0 hv=0,0
09:55:00 tp raw=0,-2 out=0,0 hv=0,0
09:55:01 tp raw=19,0 out=15,0 hv=0,0
09:55:01 T6 status: RESET: 0, OFL: 0. SIGERR: 0, CAL: 1, CFGERR: 0. COMSERR: 0
09:55:01 T6 status: RESET: 0, OFL: 0. SIGERR: 0, CAL: 0, CFGERR: 0. COMSERR: 0
09:55:03 T6 status: RESET: 0, OFL: 0. SIGERR: 0, CAL: 1, CFGERR: 0. COMSERR: 0
09:55:03 T6 status: RESET: 0, OFL: 0. SIGERR: 0, CAL: 0, CFGERR: 0. COMSERR: 0
09:55:03 T6 status: RESET: 0, OFL: 0. SIGERR: 0, CAL: 1, CFGERR: 0. COMSERR: 0
09:55:03 T6 status: RESET: 0, OFL: 0. SIGERR: 0, CAL: 0, CFGERR: 0. COMSERR: 0
09:55:04 T6 status: RESET: 0, OFL: 0. SIGERR: 0, CAL: 1, CFGERR: 0. COMSERR: 0
09:55:04 T6 status: RESET: 0, OFL: 0. SIGERR: 0, CAL: 0, CFGERR: 0. COMSERR: 0
09:55:04 T6 status: RESET: 0, OFL: 0. SIGERR: 0, CAL: 1, CFGERR: 0. COMSERR: 0
09:55:04 T6 status: RESET: 0, OFL: 0. SIGERR: 0, CAL: 0, CFGERR: 0. COMSERR: 0
09:55:05 T6 status: RESET: 0, OFL: 0. SIGERR: 0, CAL: 1, CFGERR: 0. COMSERR: 0
09:55:05 T6 status: RESET: 0, OFL: 0. SIGERR: 0, CAL: 0, CFGERR: 0. COMSERR: 0
09:55:05 T6 status: RESET: 0, OFL: 0. SIGERR: 0, CAL: 1, CFGERR: 0. COMSERR: 0
09:55:05 T6 status: RESET: 0, OFL: 0. SIGERR: 0, CAL: 0, CFGERR: 0. COMSERR: 0
09:55:06 T6 status: RESET: 0, OFL: 0. SIGERR: 0, CAL: 1, CFGERR: 0. COMSERR: 0
09:55:06 T6 status: RESET: 0, OFL: 0. SIGERR: 0, CAL: 0, CFGERR: 0. COMSERR: 0
09:55:07 T6 status: RESET: 0, OFL: 0. SIGERR: 0, CAL: 1, CFGERR: 0. COMSERR: 0
09:55:07 T6 status: RESET: 0, OFL: 0. SIGERR: 0, CAL: 0, CFGERR: 0. COMSERR: 0
09:55:07 T6 status: RESET: 0, OFL: 0. SIGERR: 0, CAL: 1, CFGERR: 0. COMSERR: 0
09:55:07 T6 status: RESET: 0, OFL: 0. SIGERR: 0, CAL: 0, CFGERR: 0. COMSERR: 0
09:55:08 T6 status: RESET: 0, OFL: 0. SIGERR: 0, CAL: 1, CFGERR: 0. COMSERR: 0
09:55:08 T6 status: RESET: 0, OFL: 0. SIGERR: 0, CAL: 0, CFGERR: 0. COMSERR: 0
09:55:08 T6 status: RESET: 0, OFL: 0. SIGERR: 0, CAL: 1, CFGERR: 0. COMSERR: 0
09:55:08 T6 status: RESET: 0, OFL: 0. SIGERR: 0, CAL: 0, CFGERR: 0. COMSERR: 0
09:55:09 T6 status: RESET: 0, OFL: 0. SIGERR: 0, CAL: 1, CFGERR: 0. COMSERR: 0
09:55:09 T6 status: RESET: 0, OFL: 0. SIGERR: 0, CAL: 0, CFGERR: 0. COMSERR: 0
09:55:10 T6 status: RESET: 0, OFL: 0. SIGERR: 0, CAL: 1, CFGERR: 0. COMSERR: 0
09:55:10 T6 status: RESET: 0, OFL: 0. SIGERR: 0, CAL: 0, CFGERR: 0. COMSERR: 0
09:55:11 tp raw=0,-2 out=0,0 hv=0,0
09:55:11 tp raw=0,-2 out=0,0 hv=0,0
09:55:11 tp raw=0,-6 out=0,-3 hv=0,0
09:55:11 tp raw=0,-2 out=0,0 hv=0,0
09:55:11 tp raw=0,-3 out=0,0 hv=0,0
09:55:11 tp raw=0,-2 out=0,0 hv=0,0
09:55:11 tp raw=0,-2 out=0,0 hv=0,0
09:55:11 tp raw=0,-1 out=0,0 hv=0,0
09:55:11 tp raw=0,-5 out=0,0 hv=0,0
09:55:11 tp raw=0,-2 out=0,0 hv=0,0
09:55:11 tp raw=0,-1 out=0,0 hv=0,0
09:55:11 tp raw=0,-4 out=0,0 hv=0,0
09:55:11 tp raw=0,-3 out=0,0 hv=0,0
09:55:11 tp raw=0,-3 out=0,0 hv=0,0
09:55:11 tp raw=0,-2 out=0,0 hv=0,0
09:55:11 tp raw=0,-3 out=0,0 hv=0,0
09:55:11 tp raw=0,-3 out=0,0 hv=0,0
09:55:11 tp raw=0,-2 out=0,0 hv=0,0
09:55:11 tp raw=0,-2 out=0,0 hv=0,0
09:55:11 tp raw=0,-1 out=0,0 hv=0,0
09:55:11 tp raw=0,-4 out=0,0 hv=0,0
09:55:11 tp raw=0,-3 out=0,0 hv=0,0
09:55:11 tp raw=0,-3 out=0,0 hv=0,0
09:55:11 tp raw=0,-4 out=0,0 hv=0,0
09:55:11 tp raw=0,-3 out=0,0 hv=0,0
09:55:11 tp raw=0,-2 out=0,0 hv=0,0
09:55:11 tp raw=0,-1 out=0,0 hv=0,0
09:55:11 tp raw=0,-3 out=0,0 hv=0,0
09:55:11 tp raw=0,-5 out=0,0 hv=0,0
09:55:11 tp raw=0,-2 out=0,0 hv=0,0
09:55:11 tp raw=0,-2 out=0,0 hv=0,0
09:55:11 tp raw=0,-1 out=0,0 hv=0,0
09:55:11 tp raw=0,-2 out=0,0 hv=0,0
09:55:11 tp raw=0,-2 out=0,0 hv=0,0
09:55:11 tp raw=0,-1 out=0,0 hv=0,0
09:55:11 tp raw=0,-2 out=0,0 hv=0,0
09:55:11 tp raw=17,-3 out=13,0 hv=0,0
09:55:11 tp raw=0,-3 out=0,0 hv=0,0
09:55:11 tp raw=0,-2 out=0,0 hv=0,0
09:55:11 tp raw=0,-3 out=0,0 hv=0,0
09:55:11 tp raw=0,-4 out=0,0 hv=0,0
09:55:11 tp raw=0,-1 out=0,0 hv=0,0
09:55:11 tp raw=0,-2 out=0,0 hv=0,0
09:55:11 tp raw=0,-5 out=0,0 hv=0,0
09:55:11 tp raw=0,-3 out=0,0 hv=0,0
09:55:11 tp raw=0,-2 out=0,0 hv=0,0
09:55:11 tp raw=0,-2 out=0,0 hv=0,0
09:55:11 tp raw=0,-1 out=0,0 hv=0,0
09:55:11 tp raw=0,-2 out=0,0 hv=0,0
09:55:11 tp raw=0,-1 out=0,0 hv=0,0
09:55:11 tp raw=0,-2 out=0,0 hv=0,0
09:55:11 tp raw=0,-2 out=0,0 hv=0,0
09:55:11 tp raw=0,-1 out=0,0 hv=0,0
09:55:11 tp raw=0,-4 out=0,0 hv=0,0
09:55:11 tp raw=0,-3 out=0,0 hv=0,0
09:55:11 tp raw=0,-5 out=0,0 hv=0,0
09:55:11 tp raw=0,-3 out=0,0 hv=0,0
09:55:11 tp raw=0,-2 out=0,0 hv=0,0
09:55:11 tp raw=0,-1 out=0,0 hv=0,0
09:55:12 tp raw=0,-4 out=0,0 hv=0,0
09:55:12 tp raw=0,-3 out=0,0 hv=0,0
09:55:12 tp raw=0,-2 out=0,0 hv=0,0
09:55:12 tp raw=1,0 out=0,0 hv=0,0
09:55:12 tp raw=0,-3 out=0,0 hv=0,0
09:55:12 tp raw=0,-3 out=0,0 hv=0,0
09:55:12 tp raw=2,0 out=0,0 hv=0,0
09:55:12 tp raw=0,-2 out=0,0 hv=0,0
09:55:12 tp raw=2,-2 out=0,0 hv=0,0
09:55:12 tp raw=0,-1 out=0,0 hv=0,0
09:55:12 tp raw=0,-2 out=0,0 hv=0,0
09:55:12 tp raw=2,-3 out=0,0 hv=0,0
09:55:12 tp raw=0,-3 out=0,0 hv=0,0
09:55:12 tp raw=1,-4 out=0,0 hv=0,0
09:55:12 tp raw=0,-1 out=0,0 hv=0,0
09:55:12 tp raw=0,-4 out=0,0 hv=0,0
09:55:12 tp raw=0,-1 out=0,0 hv=0,0
09:55:12 tp raw=2,-2 out=0,0 hv=0,0
09:55:12 tp raw=2,-5 out=0,0 hv=0,0
09:55:12 tp raw=0,-2 out=0,0 hv=0,0
09:55:12 tp raw=0,-3 out=0,0 hv=0,0
09:55:12 tp raw=0,-3 out=0,0 hv=0,0
09:55:12 tp raw=0,-2 out=0,0 hv=0,0
09:55:12 tp raw=0,-1 out=0,0 hv=0,0
09:55:12 tp raw=0,-2 out=0,0 hv=0,0
09:55:12 tp raw=0,-2 out=0,0 hv=0,0
09:55:12 tp raw=0,-1 out=0,0 hv=0,0
09:55:12 tp raw=0,-2 out=0,0 hv=0,0
09:55:12 tp raw=0,-3 out=0,0 hv=0,0
09:55:12 tp raw=3,0 out=0,0 hv=0,0
09:55:12 tp raw=0,-4 out=0,0 hv=0,0
09:55:12 tp raw=0,-3 out=0,0 hv=0,0
09:55:12 tp raw=0,-5 out=0,0 hv=0,0
09:55:12 tp raw=0,-3 out=0,0 hv=0,0
09:55:12 tp raw=0,-2 out=0,0 hv=0,0
09:55:12 tp raw=0,-5 out=0,0 hv=0,0
09:55:12 tp raw=0,-6 out=0,-3 hv=0,0
09:55:12 tp raw=0,-3 out=0,0 hv=0,0
09:55:12 tp raw=0,-4 out=0,0 hv=0,0
09:55:12 tp raw=0,-1 out=0,0 hv=0,0
09:55:12 tp raw=0,-2 out=0,0 hv=0,0
09:55:12 tp raw=4,-2 out=0,0 hv=0,0
09:55:12 tp raw=0,-1 out=0,0 hv=0,0
09:55:12 tp raw=-21,0 out=-18,0 hv=0,0
09:55:12 tp raw=-3,0 out=0,0 hv=0,0
09:55:12 tp raw=0,-12 out=0,-6 hv=0,0
09:55:12 tp raw=17,0 out=13,0 hv=0,0
09:55:12 tp raw=0,-3 out=0,0 hv=0,0
09:55:12 tp raw=0,-3 out=0,0 hv=0,0
09:55:12 tp raw=0,-4 out=0,0 hv=0,0
09:55:12 tp raw=0,17 out=0,13 hv=0,0
09:55:12 tp raw=0,3 out=0,0 hv=0,0
09:55:12 tp raw=0,-20 out=0,-17 hv=0,0
09:55:12 tp raw=0,-5 out=0,0 hv=0,0
09:55:12 tp raw=0,-3 out=0,0 hv=0,0
09:55:12 tp raw=0,-2 out=0,0 hv=0,0
09:55:12 tp raw=0,-3 out=0,0 hv=0,0
09:55:12 tp raw=0,-2 out=0,0 hv=0,0
09:55:12 tp raw=0,-3 out=0,0 hv=0,0
09:55:12 tp raw=0,-1 out=0,0 hv=0,0
09:55:12 tp raw=0,-2 out=0,0 hv=0,0
09:55:12 tp raw=0,-2 out=0,0 hv=0,0
09:55:12 tp raw=0,-1 out=0,0 hv=0,0
09:55:12 tp raw=1,-2 out=0,0 hv=0,0
09:55:12 tp raw=0,-2 out=0,0 hv=0,0
09:55:12 tp raw=0,-1 out=0,0 hv=0,0
09:55:12 tp raw=0,-4 out=0,0 hv=0,0
09:55:12 tp raw=0,-1 out=0,0 hv=0,0
09:55:12 tp raw=0,-4 out=0,0 hv=0,0
09:55:12 tp raw=0,-1 out=0,0 hv=0,0
09:55:12 tp raw=0,-2 out=0,0 hv=0,0
09:55:12 tp raw=0,-3 out=0,0 hv=0,0
09:55:12 tp raw=0,-2 out=0,0 hv=0,0
09:55:12 tp raw=0,-1 out=0,0 hv=0,0
09:55:12 tp raw=-17,0 out=-13,0 hv=0,0
09:55:12 tp raw=-1,0 out=0,0 hv=0,0
09:55:12 tp raw=-2,0 out=0,0 hv=0,0
09:55:12 tp raw=0,-2 out=0,0 hv=0,0
09:55:12 tp raw=0,-2 out=0,0 hv=0,0
09:55:12 tp raw=0,-3 out=0,0 hv=0,0
09:55:12 tp raw=0,-2 out=0,0 hv=0,0
09:55:13 tp raw=0,-1 out=0,0 hv=0,0
09:55:13 tp raw=0,-2 out=0,0 hv=0,0
09:55:13 tp raw=0,-2 out=0,0 hv=0,0
09:55:13 tp raw=0,-1 out=0,0 hv=0,0
09:55:13 tp raw=0,-2 out=0,0 hv=0,0
09:55:13 tp raw=0,-2 out=0,0 hv=0,0
09:55:13 tp raw=0,-1 out=0,0 hv=0,0
09:55:13 tp raw=0,-2 out=0,0 hv=0,0
09:55:13 tp raw=0,-1 out=0,0 hv=0,0
09:55:13 tp raw=0,-4 out=0,0 hv=0,0
09:55:13 tp raw=0,-1 out=0,0 hv=0,0
09:55:13 tp raw=0,-2 out=0,0 hv=0,0
09:55:13 tp raw=0,-2 out=0,0 hv=0,0
09:55:13 tp raw=0,-1 out=0,0 hv=0,0
09:55:13 tp raw=-2,0 out=0,0 hv=0,0
09:55:13 tp raw=0,-2 out=0,0 hv=0,0
09:55:13 tp raw=0,-2 out=0,0 hv=0,0
09:55:13 tp raw=0,-1 out=0,0 hv=0,0
09:55:13 tp raw=0,-2 out=0,0 hv=0,0
09:55:13 tp raw=0,-2 out=0,0 hv=0,0
09:55:13 tp raw=0,-1 out=0,0 hv=0,0
09:55:13 tp raw=0,-2 out=0,0 hv=0,0
09:55:13 tp raw=0,-1 out=0,0 hv=0,0
09:55:13 tp raw=19,-2 out=15,0 hv=0,0
09:55:13 tp raw=0,-2 out=0,0 hv=0,0
09:55:13 tp raw=0,-1 out=0,0 hv=0,0
09:55:13 tp raw=0,-2 out=0,0 hv=0,0
09:55:13 tp raw=0,-2 out=0,0 hv=0,0
09:55:13 tp raw=0,-1 out=0,0 hv=0,0
09:55:13 tp raw=-17,0 out=-13,0 hv=0,0
09:55:13 tp raw=0,-2 out=0,0 hv=0,0
09:55:13 tp raw=0,-2 out=0,0 hv=0,0
09:55:13 tp raw=0,-1 out=0,0 hv=0,0
09:55:13 tp raw=-2,0 out=0,0 hv=0,0
09:55:13 tp raw=-2,0 out=0,0 hv=0,0
09:55:13 tp raw=0,-4 out=0,0 hv=0,0
09:55:13 tp raw=0,-1 out=0,0 hv=0,0
09:55:13 tp raw=0,-2 out=0,0 hv=0,0
09:55:13 tp raw=0,-2 out=0,0 hv=0,0
09:55:13 tp raw=0,-1 out=0,0 hv=0,0
09:55:13 tp raw=0,-2 out=0,0 hv=0,0
09:55:13 tp raw=0,-3 out=0,0 hv=0,0
09:55:13 tp raw=0,-2 out=0,0 hv=0,0
09:55:13 tp raw=-1,0 out=0,0 hv=0,0
09:55:13 tp raw=-2,0 out=0,0 hv=0,0
09:55:13 tp raw=0,-1 out=0,0 hv=0,0
09:55:13 tp raw=-2,0 out=0,0 hv=0,0
09:55:13 tp raw=0,-2 out=0,0 hv=0,0
09:55:13 tp raw=-1,0 out=0,0 hv=0,0
09:55:13 tp raw=-2,-2 out=0,0 hv=0,0
09:55:13 tp raw=0,-1 out=0,0 hv=0,0
09:55:13 tp raw=0,-2 out=0,0 hv=0,0
09:55:13 tp raw=0,-2 out=0,0 hv=0,0
09:55:13 tp raw=0,-1 out=0,0 hv=0,0
09:55:13 tp raw=0,-2 out=0,0 hv=0,0
09:55:13 tp raw=-2,0 out=0,0 hv=0,0
09:55:13 tp raw=-2,0 out=0,0 hv=0,0
09:55:13 tp raw=0,-2 out=0,0 hv=0,0
09:55:13 tp raw=-3,0 out=0,0 hv=0,0
09:55:13 tp raw=-2,0 out=0,0 hv=0,0
09:55:13 tp raw=0,-1 out=0,0 hv=0,0
09:55:14 tp raw=0,-2 out=0,0 hv=0,0
09:55:14 tp raw=0,-1 out=0,0 hv=0,0
09:55:14 tp raw=0,-2 out=0,0 hv=0,0
09:55:14 tp raw=-1,-3 out=0,0 hv=0,0
09:55:14 tp raw=0,-2 out=0,0 hv=0,0
09:55:14 tp raw=0,-2 out=0,0 hv=0,0
09:55:14 tp raw=0,-1 out=0,0 hv=0,0
09:55:14 tp raw=0,-2 out=0,0 hv=0,0
09:55:14 tp raw=-4,-2 out=0,0 hv=0,0
09:55:14 tp raw=-2,-1 out=0,0 hv=0,0
09:55:14 tp raw=-1,-2 out=0,0 hv=0,0
09:55:14 tp raw=0,-2 out=0,0 hv=0,0
09:55:14 tp raw=0,-1 out=0,0 hv=0,0
09:55:14 tp raw=0,-2 out=0,0 hv=0,0
09:55:14 tp raw=-2,0 out=0,0 hv=0,0
09:55:14 tp raw=0,-2 out=0,0 hv=0,0
09:55:14 tp raw=0,-1 out=0,0 hv=0,0
09:55:14 tp raw=0,-2 out=0,0 hv=0,0
09:55:14 tp raw=0,-1 out=0,0 hv=0,0
09:55:14 tp raw=0,-2 out=0,0 hv=0,0
09:55:14 tp raw=0,-2 out=0,0 hv=0,0
09:55:14 tp raw=0,-1 out=0,0 hv=0,0
09:55:14 tp raw=0,-2 out=0,0 hv=0,0
09:55:14 tp raw=0,-2 out=0,0 hv=0,0
09:55:14 tp raw=0,-1 out=0,0 hv=0,0
09:55:14 tp raw=0,-2 out=0,0 hv=0,0
09:55:14 tp raw=0,-2 out=0,0 hv=0,0
09:55:14 tp raw=-2,-1 out=0,0 hv=0,0
09:55:14 tp raw=-1,-2 out=0,0 hv=0,0
09:55:14 tp raw=0,-2 out=0,0 hv=0,0
09:55:14 tp raw=-2,-1 out=0,0 hv=0,0
09:55:14 tp raw=-2,0 out=0,0 hv=0,0
09:55:14 tp raw=0,-2 out=0,0 hv=0,0
09:55:14 tp raw=-2,0 out=0,0 hv=0,0
09:55:14 tp raw=0,-1 out=0,0 hv=0,0
09:55:14 tp raw=0,-4 out=0,0 hv=0,0
09:55:14 tp raw=0,-1 out=0,0 hv=0,0
09:55:14 tp raw=0,-2 out=0,0 hv=0,0
09:55:14 tp raw=0,-2 out=0,0 hv=0,0
09:55:14 tp raw=-1,-1 out=0,0 hv=0,0
09:55:14 tp raw=-2,0 out=0,0 hv=0,0
09:55:14 tp raw=0,-2 out=0,0 hv=0,0
09:55:14 tp raw=-3,-2 out=0,0 hv=0,0
09:55:14 tp raw=0,-1 out=0,0 hv=0,0
09:55:14 tp raw=0,-2 out=0,0 hv=0,0
09:55:14 tp raw=0,-2 out=0,0 hv=0,0
09:55:14 tp raw=0,-1 out=0,0 hv=0,0
09:55:14 tp raw=0,-2 out=0,0 hv=0,0
09:55:14 tp raw=0,-1 out=0,0 hv=0,0
09:55:14 tp raw=0,-2 out=0,0 hv=0,0
09:55:14 tp raw=0,-2 out=0,0 hv=0,0
09:55:14 tp raw=0,-1 out=0,0 hv=0,0
09:55:14 tp raw=0,-2 out=0,0 hv=0,0
09:55:14 tp raw=0,-2 out=0,0 hv=0,0
09:55:14 tp raw=0,-1 out=0,0 hv=0,0
09:55:14 tp raw=-2,-5 out=0,0 hv=0,0
09:55:14 tp raw=0,-2 out=0,0 hv=0,0
09:55:14 tp raw=0,-2 out=0,0 hv=0,0
09:55:14 tp raw=-2,0 out=0,0 hv=0,0
09:55:14 tp raw=-1,0 out=0,0 hv=0,0
09:55:14 tp raw=0,-1 out=0,0 hv=0,0
09:55:14 tp raw=0,-2 out=0,0 hv=0,0
09:55:14 tp raw=-2,0 out=0,0 hv=0,0
09:55:14 tp raw=-5,0 out=0,0 hv=0,0
09:55:14 tp raw=-2,-2 out=0,0 hv=0,0
09:55:14 tp raw=0,-1 out=0,0 hv=0,0
09:55:14 tp raw=0,-2 out=0,0 hv=0,0
09:55:14 tp raw=0,-1 out=0,0 hv=0,0
09:55:14 tp raw=0,-2 out=0,0 hv=0,0
09:55:14 tp raw=0,-2 out=0,0 hv=0,0
09:55:14 tp raw=0,-1 out=0,0 hv=0,0
09:55:14 tp raw=0,-2 out=0,0 hv=0,0
09:55:14 tp raw=0,-2 out=0,0 hv=0,0
09:55:14 tp raw=-2,0 out=0,0 hv=0,0
09:55:14 tp raw=-1,-3 out=0,0 hv=0,0
09:55:14 tp raw=-2,-2 out=0,0 hv=0,0
09:55:14 tp raw=-2,-1 out=0,0 hv=0,0
09:55:14 tp raw=0,-2 out=0,0 hv=0,0
09:55:14 tp raw=0,-2 out=0,0 hv=0,0
09:55:14 tp raw=0,-1 out=0,0 hv=0,0
09:55:14 tp raw=0,-2 out=0,0 hv=0,0
09:55:14 tp raw=0,-1 out=0,0 hv=0,0
09:55:14 tp raw=-3,-2 out=0,0 hv=0,0
09:55:14 tp raw=-2,0 out=0,0 hv=0,0
09:55:14 tp raw=-3,0 out=0,0 hv=0,0
09:55:14 tp raw=0,-2 out=0,0 hv=0,0
09:55:14 tp raw=-2,0 out=0,0 hv=0,0
09:55:14 tp raw=0,-1 out=0,0 hv=0,0
09:55:14 tp raw=0,-2 out=0,0 hv=0,0
09:55:14 tp raw=0,-3 out=0,0 hv=0,0
09:55:14 tp raw=0,-2 out=0,0 hv=0,0
09:55:14 tp raw=-2,-3 out=0,0 hv=0,0
09:55:14 tp raw=0,-2 out=0,0 hv=0,0
09:55:14 tp raw=0,-3 out=0,0 hv=0,0
09:55:14 tp raw=0,-2 out=0,0 hv=0,0
09:55:14 tp raw=0,-2 out=0,0 hv=0,0
09:55:14 tp raw=-3,-1 out=0,0 hv=0,0
09:55:14 tp raw=-2,0 out=0,0 hv=0,0
09:55:14 tp raw=0,-2 out=0,0 hv=0,0
09:55:14 tp raw=0,-1 out=0,0 hv=0,0
09:55:14 tp raw=-2,-2 out=0,0 hv=0,0
09:55:14 tp raw=0,-2 out=0,0 hv=0,0
09:55:14 tp raw=0,-1 out=0,0 hv=0,0
09:55:14 tp raw=0,-2 out=0,0 hv=0,0
09:55:14 tp raw=0,-2 out=0,0 hv=0,0
09:55:14 tp raw=-1,0 out=0,0 hv=0,0
09:55:14 tp raw=0,-3 out=0,0 hv=0,0
09:55:14 tp raw=0,-2 out=0,0 hv=0,0
09:55:14 tp raw=0,-1 out=0,0 hv=0,0
09:55:14 tp raw=-2,0 out=0,0 hv=0,0
09:55:14 tp raw=-2,0 out=0,0 hv=0,0
09:55:14 tp raw=-2,0 out=0,0 hv=0,0
09:55:14 tp raw=0,-2 out=0,0 hv=0,0
09:55:14 tp raw=0,-2 out=0,0 hv=0,0
09:55:14 tp raw=0,-1 out=0,0 hv=0,0
09:55:14 tp raw=0,-2 out=0,0 hv=0,0
09:55:14 tp raw=0,-1 out=0,0 hv=0,0
09:55:14 tp raw=0,-2 out=0,0 hv=0,0
09:55:14 tp raw=0,-2 out=0,0 hv=0,0
09:55:14 tp raw=0,-1 out=0,0 hv=0,0
09:55:14 tp raw=0,-2 out=0,0 hv=0,0
09:55:14 tp raw=-1,-2 out=0,0 hv=0,0
09:55:14 tp raw=0,-5 out=0,0 hv=0,0
09:55:14 tp raw=0,-5 out=0,0 hv=0,0
09:55:14 tp raw=-2,-1 out=0,0 hv=0,0
09:55:14 tp raw=-2,-2 out=0,0 hv=0,0
09:55:14 tp raw=0,-1 out=0,0 hv=0,0
09:55:14 tp raw=0,-2 out=0,0 hv=0,0
09:55:14 tp raw=0,-2 out=0,0 hv=0,0
09:55:14 tp raw=-3,0 out=0,0 hv=0,0
09:55:14 tp raw=-2,-1 out=0,0 hv=0,0
09:55:14 tp raw=-2,-2 out=0,0 hv=0,0
09:55:14 tp raw=0,-3 out=0,0 hv=0,0
09:55:14 tp raw=0,-2 out=0,0 hv=0,0
09:55:14 tp raw=0,-2 out=0,0 hv=0,0
09:55:14 tp raw=0,-1 out=0,0 hv=0,0
09:55:14 tp raw=0,-4 out=0,0 hv=0,0
09:55:14 tp raw=0,-3 out=0,0 hv=0,0
09:55:14 tp raw=0,-2 out=0,0 hv=0,0
09:55:14 tp raw=0,-1 out=0,0 hv=0,0
09:55:14 tp raw=0,-2 out=0,0 hv=0,0
09:55:14 tp raw=0,-1 out=0,0 hv=0,0
09:55:14 tp raw=-3,-2 out=0,0 hv=0,0
09:55:15 tp raw=0,-2 out=0,0 hv=0,0
09:55:15 tp raw=0,-3 out=0,0 hv=0,0
09:55:15 tp raw=0,-3 out=0,0 hv=0,0
09:55:15 tp raw=0,-4 out=0,0 hv=0,0
09:55:15 tp raw=0,-1 out=0,0 hv=0,0
09:55:15 tp raw=0,-2 out=0,0 hv=0,0
09:55:15 tp raw=-2,0 out=0,0 hv=0,0
09:55:15 tp raw=0,-2 out=0,0 hv=0,0
09:55:15 tp raw=0,-1 out=0,0 hv=0,0
09:55:15 tp raw=0,-3 out=0,0 hv=0,0
09:55:15 tp raw=0,-2 out=0,0 hv=0,0
09:55:15 tp raw=0,-2 out=0,0 hv=0,0
09:55:15 tp raw=0,-1 out=0,0 hv=0,0
09:55:15 tp raw=0,-4 out=0,0 hv=0,0
09:55:15 tp raw=0,-1 out=0,0 hv=0,0
09:55:15 tp raw=0,-2 out=0,0 hv=0,0
09:55:15 tp raw=0,-2 out=0,0 hv=0,0
09:55:15 tp raw=0,-3 out=0,0 hv=0,0
09:55:15 tp raw=0,-2 out=0,0 hv=0,0
09:55:15 tp raw=0,-1 out=0,0 hv=0,0
09:55:15 tp raw=-1,-2 out=0,0 hv=0,0
09:55:15 tp raw=0,-3 out=0,0 hv=0,0
09:55:15 tp raw=-2,-2 out=0,0 hv=0,0
09:55:15 tp raw=0,-1 out=0,0 hv=0,0
09:55:15 tp raw=0,-4 out=0,0 hv=0,0
09:55:15 tp raw=0,-1 out=0,0 hv=0,0
09:55:15 tp raw=0,-2 out=0,0 hv=0,0
09:55:15 tp raw=0,-2 out=0,0 hv=0,0
09:55:15 tp raw=0,-1 out=0,0 hv=0,0
09:55:15 tp raw=0,-5 out=0,0 hv=0,0
09:55:15 tp raw=0,-2 out=0,0 hv=0,0
09:55:15 tp raw=0,-2 out=0,0 hv=0,0
09:55:15 tp raw=0,-1 out=0,0 hv=0,0
09:55:15 tp raw=0,-2 out=0,0 hv=0,0
09:55:15 tp raw=0,-1 out=0,0 hv=0,0
09:55:15 tp raw=0,-4 out=0,0 hv=0,0
09:55:15 tp raw=0,-1 out=0,0 hv=0,0
09:55:15 tp raw=0,-2 out=0,0 hv=0,0
09:55:15 tp raw=0,-2 out=0,0 hv=0,0
09:55:15 tp raw=0,-1 out=0,0 hv=0,0
09:55:15 tp raw=0,-2 out=0,0 hv=0,0
09:55:15 tp raw=0,-2 out=0,0 hv=0,0
09:55:15 tp raw=0,-1 out=0,0 hv=0,0
09:55:15 tp raw=0,-2 out=0,0 hv=0,0
09:55:15 tp raw=-2,-3 out=0,0 hv=0,0
09:55:15 tp raw=-3,-3 out=0,0 hv=0,0
09:55:15 tp raw=0,-2 out=0,0 hv=0,0
09:55:15 tp raw=0,-7 out=0,-3 hv=0,0
09:55:15 tp raw=0,-1 out=0,0 hv=0,0
09:55:15 tp raw=0,-4 out=0,0 hv=0,0
09:55:15 tp raw=0,-3 out=0,0 hv=0,0
09:55:15 tp raw=0,-3 out=0,0 hv=0,0
09:55:15 tp raw=0,-4 out=0,0 hv=0,0
09:55:15 tp raw=0,-1 out=0,0 hv=0,0
09:55:15 tp raw=0,-2 out=0,0 hv=0,0
09:55:15 tp raw=0,-1 out=0,0 hv=0,0
09:55:15 tp raw=0,-2 out=0,0 hv=0,0
09:55:15 tp raw=0,-2 out=0,0 hv=0,0
09:55:15 tp raw=0,-1 out=0,0 hv=0,0
09:55:15 tp raw=0,-2 out=0,0 hv=0,0
09:55:15 tp raw=0,-3 out=0,0 hv=0,0
09:55:15 tp raw=-2,-4 out=0,0 hv=0,0
09:55:15 tp raw=0,-1 out=0,0 hv=0,0
09:55:15 tp raw=0,-2 out=0,0 hv=0,0
09:55:15 tp raw=0,-5 out=0,0 hv=0,0
09:55:15 tp raw=0,-1 out=0,0 hv=0,0
09:55:15 tp raw=0,-2 out=0,0 hv=0,0
09:55:15 tp raw=0,-2 out=0,0 hv=0,0
09:55:15 tp raw=0,-1 out=0,0 hv=0,0
09:55:15 tp raw=0,-2 out=0,0 hv=0,0
09:55:15 tp raw=0,-3 out=0,0 hv=0,0
09:55:15 tp raw=0,-2 out=0,0 hv=0,0
09:55:15 tp raw=0,-2 out=0,0 hv=0,0
09:55:15 tp raw=0,-5 out=0,0 hv=0,0
09:55:15 tp raw=0,-1 out=0,0 hv=0,0
09:55:15 tp raw=0,-4 out=0,0 hv=0,0
09:55:15 tp raw=0,-1 out=0,0 hv=0,0
09:55:15 tp raw=0,-2 out=0,0 hv=0,0
09:55:15 tp raw=0,-1 out=0,0 hv=0,0
09:55:15 tp raw=0,-2 out=0,0 hv=0,0
09:55:15 tp raw=0,-2 out=0,0 hv=0,0
09:55:15 tp raw=0,-1 out=0,0 hv=0,0
09:55:15 tp raw=0,-2 out=0,0 hv=0,0
09:55:15 tp raw=0,-2 out=0,0 hv=0,0
09:55:15 tp raw=-2,-1 out=0,0 hv=0,0
09:55:15 tp raw=-1,0 out=0,0 hv=0,0
09:55:15 tp raw=0,-2 out=0,0 hv=0,0
09:55:15 tp raw=0,-5 out=0,0 hv=0,0
09:55:15 tp raw=0,-2 out=0,0 hv=0,0
09:55:15 tp raw=-2,-3 out=0,0 hv=0,0
09:55:15 tp raw=-2,-3 out=0,0 hv=0,0
09:55:15 tp raw=-2,-2 out=0,0 hv=0,0
09:55:15 tp raw=-3,-1 out=0,0 hv=0,0
09:55:15 tp raw=0,-2 out=0,0 hv=0,0
09:55:15 tp raw=0,-2 out=0,0 hv=0,0
09:55:15 tp raw=0,-1 out=0,0 hv=0,0
09:55:15 tp raw=0,-2 out=0,0 hv=0,0
09:55:15 tp raw=0,-2 out=0,0 hv=0,0
09:55:15 tp raw=0,-1 out=0,0 hv=0,0
09:55:15 tp raw=0,-2 out=0,0 hv=0,0
09:55:15 tp raw=0,-2 out=0,0 hv=0,0
09:55:15 tp raw=0,-1 out=0,0 hv=0,0
09:55:15 tp raw=0,-2 out=0,0 hv=0,0
09:55:15 tp raw=0,-3 out=0,0 hv=0,0
09:55:15 tp raw=-2,-2 out=0,0 hv=0,0
09:55:15 tp raw=-1,-1 out=0,0 hv=0,0
09:55:15 tp raw=0,-4 out=0,0 hv=0,0
09:55:15 tp raw=0,-1 out=0,0 hv=0,0
09:55:15 tp raw=0,-2 out=0,0 hv=0,0
09:55:15 tp raw=0,-2 out=0,0 hv=0,0
09:55:15 tp raw=0,-1 out=0,0 hv=0,0
09:55:15 tp raw=0,-2 out=0,0 hv=0,0
09:55:15 tp raw=0,-2 out=0,0 hv=0,0
09:55:15 tp raw=0,-1 out=0,0 hv=0,0
09:55:15 tp raw=0,-2 out=0,0 hv=0,0
09:55:15 tp raw=0,-2 out=0,0 hv=0,0
09:55:15 tp raw=0,-4 out=0,0 hv=0,0
09:55:15 tp raw=0,-2 out=0,0 hv=0,0
09:55:15 tp raw=0,-2 out=0,0 hv=0,0
09:55:15 tp raw=0,-1 out=0,0 hv=0,0
09:55:15 tp raw=0,-2 out=0,0 hv=0,0
09:55:15 tp raw=0,-5 out=0,0 hv=0,0
09:55:15 tp raw=0,-5 out=0,0 hv=0,0
09:55:15 tp raw=0,-5 out=0,0 hv=0,0
09:55:15 tp raw=0,-5 out=0,0 hv=0,0
09:55:15 tp raw=0,-1 out=0,0 hv=0,0
09:55:15 tp raw=0,-2 out=0,0 hv=0,0
09:55:15 tp raw=0,-2 out=0,0 hv=0,0
09:55:15 tp raw=0,-1 out=0,0 hv=0,0
09:55:15 tp raw=0,-4 out=0,0 hv=0,0
09:55:15 tp raw=0,-1 out=0,0 hv=0,0
09:55:15 tp raw=0,-7 out=0,-3 hv=0,0
09:55:15 tp raw=0,-2 out=0,0 hv=0,0
09:55:15 tp raw=0,-1 out=0,0 hv=0,0
09:55:15 tp raw=0,-2 out=0,0 hv=0,0
09:55:15 tp raw=-2,-3 out=0,0 hv=0,0
09:55:15 tp raw=0,-2 out=0,0 hv=0,0
09:55:15 tp raw=0,-1 out=0,0 hv=0,0
09:55:15 tp raw=0,-7 out=0,-3 hv=0,0
09:55:15 tp raw=0,-2 out=0,0 hv=0,0
09:55:15 tp raw=0,-1 out=0,0 hv=0,0
09:55:15 tp raw=0,-4 out=0,0 hv=0,0
09:55:15 tp raw=0,-1 out=0,0 hv=0,0
09:55:15 tp raw=0,-2 out=0,0 hv=0,0
09:55:15 tp raw=0,-3 out=0,0 hv=0,0
09:55:15 tp raw=0,-3 out=0,0 hv=0,0
09:55:15 tp raw=-2,0 out=0,0 hv=0,0
09:55:15 tp raw=-2,-2 out=0,0 hv=0,0
09:55:15 tp raw=0,-2 out=0,0 hv=0,0
09:55:15 tp raw=0,-8 out=0,-4 hv=0,0
09:55:15 tp raw=0,-3 out=0,0 hv=0,0
09:55:15 tp raw=-1,-2 out=0,0 hv=0,0
09:55:15 tp raw=0,-1 out=0,0 hv=0,0
09:55:15 tp raw=0,-2 out=0,0 hv=0,0
09:55:15 tp raw=0,-2 out=0,0 hv=0,0
09:55:15 tp raw=0,-1 out=0,0 hv=0,0
09:55:15 tp raw=-2,-2 out=0,0 hv=0,0
09:55:15 tp raw=-2,0 out=0,0 hv=0,0
09:55:15 tp raw=0,-2 out=0,0 hv=0,0
09:55:15 tp raw=0,-1 out=0,0 hv=0,0
09:55:15 tp raw=0,-4 out=0,0 hv=0,0
09:55:15 tp raw=0,-1 out=0,0 hv=0,0
09:55:15 tp raw=0,-2 out=0,0 hv=0,0
09:55:15 tp raw=0,-2 out=0,0 hv=0,0
09:55:15 tp raw=0,-1 out=0,0 hv=0,0
09:55:15 tp raw=0,-4 out=0,0 hv=0,0
09:55:15 tp raw=0,-1 out=0,0 hv=0,0
09:55:15 tp raw=0,-7 out=0,-3 hv=0,0
09:55:15 tp raw=0,-3 out=0,0 hv=0,0
09:55:15 tp raw=0,-2 out=0,0 hv=0,0
09:55:15 tp raw=0,-1 out=0,0 hv=0,0
09:55:15 tp raw=0,-2 out=0,0 hv=0,0
09:55:15 tp raw=0,-2 out=0,0 hv=0,0
09:55:15 tp raw=-1,-1 out=0,0 hv=0,0
09:55:15 tp raw=-2,0 out=0,0 hv=0,0
09:55:15 tp raw=-2,-2 out=0,0 hv=0,0
09:55:15 tp raw=-3,0 out=0,0 hv=0,0
09:55:16 tp raw=-2,0 out=0,0 hv=0,0
09:55:16 tp raw=0,-2 out=0,0 hv=0,0
09:55:16 tp raw=0,-1 out=0,0 hv=0,0
09:55:16 tp raw=0,-3 out=0,0 hv=0,0
09:55:16 tp raw=0,-2 out=0,0 hv=0,0
09:55:16 tp raw=0,-2 out=0,0 hv=0,0
09:55:16 tp raw=0,-1 out=0,0 hv=0,0
09:55:16 tp raw=0,-2 out=0,0 hv=0,0
09:55:16 tp raw=0,-2 out=0,0 hv=0,0
09:55:16 tp raw=0,-1 out=0,0 hv=0,0
09:55:16 tp raw=0,-4 out=0,0 hv=0,0
09:55:16 tp raw=0,-1 out=0,0 hv=0,0
09:55:16 tp raw=0,-2 out=0,0 hv=0,0
09:55:16 tp raw=0,-2 out=0,0 hv=0,0
09:55:16 tp raw=0,-3 out=0,0 hv=0,0
09:55:16 tp raw=0,-3 out=0,0 hv=0,0
09:55:16 tp raw=0,-2 out=0,0 hv=0,0
09:55:16 tp raw=0,-1 out=0,0 hv=0,0
09:55:16 tp raw=0,-2 out=0,0 hv=0,0
09:55:16 tp raw=0,-3 out=0,0 hv=0,0
09:55:16 tp raw=0,-5 out=0,0 hv=0,0
09:55:16 tp raw=0,-5 out=0,0 hv=0,0
09:55:16 tp raw=0,-2 out=0,0 hv=0,0
09:55:16 tp raw=0,-2 out=0,0 hv=0,0
09:55:16 tp raw=0,-1 out=0,0 hv=0,0
09:55:16 tp raw=0,-2 out=0,0 hv=0,0
09:55:16 tp raw=0,-1 out=0,0 hv=0,0
09:55:16 tp raw=0,-4 out=0,0 hv=0,0
09:55:16 tp raw=0,-1 out=0,0 hv=0,0
09:55:16 tp raw=0,-4 out=0,0 hv=0,0
09:55:16 tp raw=0,-3 out=0,0 hv=0,0
09:55:16 tp raw=0,-2 out=0,0 hv=0,0
09:55:16 tp raw=0,-1 out=0,0 hv=0,0
09:55:16 tp raw=0,-2 out=0,0 hv=0,0
09:55:16 tp raw=0,-2 out=0,0 hv=0,0
09:55:16 tp raw=0,-1 out=0,0 hv=0,0
09:55:16 tp raw=0,-3 out=0,0 hv=0,0
09:55:16 tp raw=0,-2 out=0,0 hv=0,0
09:55:16 tp raw=0,-2 out=0,0 hv=0,0
09:55:16 tp raw=0,-1 out=0,0 hv=0,0
09:55:16 tp raw=0,-2 out=0,0 hv=0,0
09:55:16 tp raw=0,-2 out=0,0 hv=0,0
09:55:16 tp raw=0,-1 out=0,0 hv=0,0
09:55:16 tp raw=0,-2 out=0,0 hv=0,0
09:55:16 tp raw=0,-2 out=0,0 hv=0,0
09:55:16 tp raw=0,-1 out=0,0 hv=0,0
09:55:16 tp raw=0,-2 out=0,0 hv=0,0
09:55:16 tp raw=0,-2 out=0,0 hv=0,0
09:55:16 tp raw=-2,0 out=0,0 hv=0,0
09:55:16 tp raw=0,-3 out=0,0 hv=0,0
09:55:16 tp raw=0,-5 out=0,0 hv=0,0
09:55:16 tp raw=0,-1 out=0,0 hv=0,0
09:55:16 tp raw=-1,0 out=0,0 hv=0,0
09:55:16 tp raw=-2,-2 out=0,0 hv=0,0
09:55:16 tp raw=-2,-2 out=0,0 hv=0,0
09:55:16 tp raw=0,-1 out=0,0 hv=0,0
09:55:16 tp raw=0,-2 out=0,0 hv=0,0
09:55:16 tp raw=0,-3 out=0,0 hv=0,0
09:55:16 tp raw=0,-2 out=0,0 hv=0,0
09:55:16 tp raw=0,-2 out=0,0 hv=0,0
09:55:16 tp raw=0,-1 out=0,0 hv=0,0
09:55:16 tp raw=0,-2 out=0,0 hv=0,0
09:55:16 tp raw=0,-2 out=0,0 hv=0,0
09:55:16 tp raw=0,-1 out=0,0 hv=0,0
09:55:16 tp raw=0,-5 out=0,0 hv=0,0
09:55:16 tp raw=0,-3 out=0,0 hv=0,0
09:55:16 tp raw=0,-7 out=0,-3 hv=0,0
09:55:16 tp raw=-2,-3 out=0,0 hv=0,0
09:55:16 tp raw=0,-2 out=0,0 hv=0,0
09:55:16 tp raw=0,-2 out=0,0 hv=0,0
09:55:16 tp raw=0,-1 out=0,0 hv=0,0
09:55:16 tp raw=0,-2 out=0,0 hv=0,0
09:55:16 tp raw=0,-1 out=0,0 hv=0,0
09:55:16 tp raw=0,-2 out=0,0 hv=0,0
09:55:16 tp raw=0,-2 out=0,0 hv=0,0
09:55:16 tp raw=0,-1 out=0,0 hv=0,0
09:55:16 tp raw=-1,-2 out=0,0 hv=0,0
09:55:16 tp raw=0,-2 out=0,0 hv=0,0
09:55:16 tp raw=0,-1 out=0,0 hv=0,0
09:55:16 tp raw=0,-2 out=0,0 hv=0,0
09:55:16 tp raw=-2,-2 out=0,0 hv=0,0
09:55:16 tp raw=-2,-1 out=0,0 hv=0,0
09:55:16 tp raw=-1,-2 out=0,0 hv=0,0
09:55:16 tp raw=0,-2 out=0,0 hv=0,0
09:55:16 tp raw=0,-1 out=0,0 hv=0,0
09:55:16 tp raw=0,-2 out=0,0 hv=0,0
09:55:16 tp raw=0,-2 out=0,0 hv=0,0
09:55:16 tp raw=0,-1 out=0,0 hv=0,0
09:55:16 tp raw=-2,-3 out=0,0 hv=0,0
09:55:16 tp raw=-2,-2 out=0,0 hv=0,0
09:55:16 tp raw=-2,-2 out=0,0 hv=0,0
09:55:16 tp raw=-1,-1 out=0,0 hv=0,0
09:55:16 tp raw=-2,0 out=0,0 hv=0,0
09:55:16 tp raw=-3,0 out=0,0 hv=0,0
09:55:16 tp raw=-2,-2 out=0,0 hv=0,0
09:55:16 tp raw=0,-3 out=0,0 hv=0,0
09:55:16 tp raw=0,-4 out=0,0 hv=0,0
09:55:16 tp raw=0,-1 out=0,0 hv=0,0
09:55:16 tp raw=0,-2 out=0,0 hv=0,0
09:55:16 tp raw=0,-3 out=0,0 hv=0,0
09:55:16 tp raw=0,-2 out=0,0 hv=0,0
09:55:16 tp raw=0,-3 out=0,0 hv=0,0
09:55:16 tp raw=0,-2 out=0,0 hv=0,0
09:55:16 tp raw=-2,0 out=0,0 hv=0,0
09:55:16 tp raw=-2,-1 out=0,0 hv=0,0
09:55:16 tp raw=-1,-2 out=0,0 hv=0,0
09:55:16 tp raw=-4,-2 out=0,0 hv=0,0
09:55:16 tp raw=0,-1 out=0,0 hv=0,0
09:55:16 tp raw=0,-2 out=0,0 hv=0,0
09:55:16 tp raw=0,-2 out=0,0 hv=0,0
09:55:16 tp raw=0,-5 out=0,0 hv=0,0
09:55:16 tp raw=0,-5 out=0,0 hv=0,0
09:55:16 tp raw=0,-1 out=0,0 hv=0,0
09:55:16 tp raw=0,-2 out=0,0 hv=0,0
09:55:16 tp raw=0,-3 out=0,0 hv=0,0
09:55:16 tp raw=-1,0 out=0,0 hv=0,0
09:55:16 tp raw=0,-2 out=0,0 hv=0,0
09:55:16 tp raw=-2,-1 out=0,0 hv=0,0
09:55:16 tp raw=0,-2 out=0,0 hv=0,0
09:55:16 tp raw=0,-2 out=0,0 hv=0,0
09:55:16 tp raw=-2,-5 out=0,0 hv=0,0
09:55:16 tp raw=-2,-3 out=0,0 hv=0,0
09:55:16 tp raw=-1,-3 out=0,0 hv=0,0
09:55:16 tp raw=0,-2 out=0,0 hv=0,0
09:55:16 tp raw=0,-1 out=0,0 hv=0,0
09:55:16 tp raw=0,-2 out=0,0 hv=0,0
09:55:16 tp raw=0,-3 out=0,0 hv=0,0
09:55:16 tp raw=-2,-2 out=0,0 hv=0,0
09:55:16 tp raw=0,-2 out=0,0 hv=0,0
09:55:16 tp raw=0,-3 out=0,0 hv=0,0
09:55:16 tp raw=0,-2 out=0,0 hv=0,0
09:55:16 tp raw=0,-1 out=0,0 hv=0,0
09:55:16 tp raw=0,-4 out=0,0 hv=0,0
09:55:16 tp raw=0,-3 out=0,0 hv=0,0
09:55:16 tp raw=0,-3 out=0,0 hv=0,0
09:55:16 tp raw=-3,-2 out=0,0 hv=0,0
09:55:16 tp raw=-2,-6 out=0,-3 hv=0,0
09:55:16 tp raw=0,-2 out=0,0 hv=0,0
09:55:16 tp raw=0,-2 out=0,0 hv=0,0
09:55:16 tp raw=-2,-1 out=0,0 hv=0,0
09:55:16 tp raw=-1,-2 out=0,0 hv=0,0
09:55:16 tp raw=-2,-3 out=0,0 hv=0,0
09:55:17 tp raw=-2,-4 out=0,0 hv=0,0
09:55:17 tp raw=0,-4 out=0,0 hv=0,0
09:55:17 tp raw=0,-4 out=0,0 hv=0,0
09:55:17 tp raw=0,-1 out=0,0 hv=0,0
09:55:17 tp raw=0,-2 out=0,0 hv=0,0
09:55:17 tp raw=0,-2 out=0,0 hv=0,0
09:55:17 tp raw=0,-1 out=0,0 hv=0,0
09:55:17 tp raw=0,-5 out=0,0 hv=0,0
09:55:17 tp raw=0,-4 out=0,0 hv=0,0
09:55:17 tp raw=0,-1 out=0,0 hv=0,0
09:55:17 tp raw=0,-2 out=0,0 hv=0,0
09:55:17 tp raw=0,-1 out=0,0 hv=0,0
09:55:17 tp raw=0,-2 out=0,0 hv=0,0
09:55:17 tp raw=0,-2 out=0,0 hv=0,0
09:55:17 tp raw=0,-3 out=0,0 hv=0,0
09:55:17 tp raw=0,-3 out=0,0 hv=0,0
09:55:17 tp raw=0,-4 out=0,0 hv=0,0
09:55:17 tp raw=0,-3 out=0,0 hv=0,0
09:55:17 tp raw=0,-3 out=0,0 hv=0,0
09:55:17 tp raw=0,-4 out=0,0 hv=0,0
09:55:17 tp raw=0,-3 out=0,0 hv=0,0
09:55:17 tp raw=0,-1 out=0,0 hv=0,0
09:55:17 tp raw=0,-4 out=0,0 hv=0,0
09:55:17 tp raw=0,-1 out=0,0 hv=0,0
09:55:17 tp raw=0,-2 out=0,0 hv=0,0
09:55:17 tp raw=19,-7 out=15,-3 hv=0,0
09:55:17 tp raw=0,-1 out=0,0 hv=0,0
09:55:17 tp raw=0,-5 out=0,0 hv=0,0
09:55:17 tp raw=0,-2 out=0,0 hv=0,0
09:55:17 tp raw=0,-1 out=0,0 hv=0,0
09:55:17 tp raw=0,-2 out=0,0 hv=0,0
09:55:17 tp raw=0,-3 out=0,0 hv=0,0
09:55:17 tp raw=0,-2 out=0,0 hv=0,0
09:55:17 tp raw=0,-2 out=0,0 hv=0,0
09:55:17 tp raw=0,-1 out=0,0 hv=0,0
09:55:17 tp raw=0,-4 out=0,0 hv=0,0
09:55:17 tp raw=0,-1 out=0,0 hv=0,0
09:55:17 tp raw=-17,-7 out=-13,-3 hv=0,0
09:55:17 tp raw=0,-1 out=0,0 hv=0,0
09:55:17 tp raw=0,-7 out=0,-3 hv=0,0
09:55:17 tp raw=0,-7 out=0,-3 hv=0,0
09:55:17 tp raw=0,-3 out=0,0 hv=0,0
09:55:17 tp raw=0,-2 out=0,0 hv=0,0
09:55:17 tp raw=0,-3 out=0,0 hv=0,0
09:55:17 tp raw=0,-2 out=0,0 hv=0,0
09:55:17 tp raw=0,-3 out=0,0 hv=0,0
09:55:17 tp raw=0,-1 out=0,0 hv=0,0
09:55:17 tp raw=0,-2 out=0,0 hv=0,0
09:55:17 tp raw=0,-3 out=0,0 hv=0,0
09:55:17 tp raw=0,-7 out=0,-3 hv=0,0
09:55:17 tp raw=0,-3 out=0,0 hv=0,0
09:55:17 tp raw=0,-4 out=0,0 hv=0,0
09:55:17 tp raw=0,-1 out=0,0 hv=0,0
09:55:17 tp raw=0,-3 out=0,0 hv=0,0
09:55:17 tp raw=-2,0 out=0,0 hv=0,0
09:55:17 tp raw=-3,-4 out=0,0 hv=0,0
09:55:17 tp raw=-4,-1 out=0,0 hv=0,0
09:55:17 tp raw=0,-4 out=0,0 hv=0,0
09:55:17 tp raw=0,-3 out=0,0 hv=0,0
09:55:17 tp raw=0,-2 out=0,0 hv=0,0
09:55:17 tp raw=0,-3 out=0,0 hv=0,0
09:55:17 tp raw=0,-3 out=0,0 hv=0,0
09:55:17 tp raw=0,-2 out=0,0 hv=0,0
09:55:17 tp raw=0,-8 out=0,-4 hv=0,0
09:55:17 tp raw=0,-5 out=0,0 hv=0,0
09:55:17 tp raw=0,-3 out=0,0 hv=0,0
09:55:17 tp raw=0,-2 out=0,0 hv=0,0
09:55:17 tp raw=17,-2 out=13,0 hv=0,0
09:55:17 tp raw=0,-1 out=0,0 hv=0,0
09:55:17 tp raw=0,-4 out=0,0 hv=0,0
09:55:17 tp raw=0,-1 out=0,0 hv=0,0
09:55:17 tp raw=0,-2 out=0,0 hv=0,0
09:55:17 tp raw=0,-1 out=0,0 hv=0,0
09:55:17 tp raw=0,-4 out=0,0 hv=0,0
09:55:17 tp raw=-17,-1 out=-13,0 hv=0,0
09:55:17 tp raw=0,-2 out=0,0 hv=0,0
09:55:17 tp raw=0,-2 out=0,0 hv=0,0
09:55:17 tp raw=0,-1 out=0,0 hv=0,0
09:55:17 tp raw=0,-2 out=0,0 hv=0,0
09:55:17 tp raw=0,-3 out=0,0 hv=0,0
09:55:17 tp raw=0,-4 out=0,0 hv=0,0
09:55:17 tp raw=0,-3 out=0,0 hv=0,0
09:55:17 tp raw=0,-1 out=0,0 hv=0,0
09:55:17 tp raw=-1,-4 out=0,0 hv=0,0
09:55:17 tp raw=0,-1 out=0,0 hv=0,0
09:55:17 tp raw=0,-2 out=0,0 hv=0,0
09:55:17 tp raw=0,-2 out=0,0 hv=0,0
09:55:17 tp raw=0,-1 out=0,0 hv=0,0
09:55:17 tp raw=0,-4 out=0,0 hv=0,0
09:55:17 tp raw=0,-3 out=0,0 hv=0,0
09:55:17 tp raw=0,-3 out=0,0 hv=0,0
09:55:17 tp raw=-2,-2 out=0,0 hv=0,0
09:55:17 tp raw=-5,-2 out=0,0 hv=0,0
09:55:17 tp raw=-2,-1 out=0,0 hv=0,0
09:55:17 tp raw=-3,0 out=0,0 hv=0,0
09:55:17 tp raw=0,-2 out=0,0 hv=0,0
09:55:17 tp raw=0,-1 out=0,0 hv=0,0
09:55:17 tp raw=0,-2 out=0,0 hv=0,0
09:55:17 tp raw=-2,-3 out=0,0 hv=0,0
09:55:17 tp raw=-2,-5 out=0,0 hv=0,0
09:55:17 tp raw=0,-2 out=0,0 hv=0,0
09:55:17 tp raw=0,-3 out=0,0 hv=0,0
09:55:17 tp raw=0,-2 out=0,0 hv=0,0
09:55:17 tp raw=0,-3 out=0,0 hv=0,0
09:55:17 tp raw=-2,0 out=0,0 hv=0,0
09:55:17 tp raw=0,-2 out=0,0 hv=0,0
09:55:17 tp raw=0,-1 out=0,0 hv=0,0
09:55:17 tp raw=0,-2 out=0,0 hv=0,0
09:55:17 tp raw=0,-2 out=0,0 hv=0,0
09:55:17 tp raw=0,-1 out=0,0 hv=0,0
09:55:17 tp raw=0,-2 out=0,0 hv=0,0
09:55:17 tp raw=0,-2 out=0,0 hv=0,0
09:55:17 tp raw=0,-1 out=0,0 hv=0,0
09:55:17 tp raw=18,-7 out=14,-3 hv=0,0
09:55:17 tp raw=0,-3 out=0,0 hv=0,0
09:55:17 tp raw=0,-2 out=0,0 hv=0,0
09:55:17 tp raw=0,-2 out=0,0 hv=0,0
09:55:17 tp raw=0,-1 out=0,0 hv=0,0
09:55:17 tp raw=0,-2 out=0,0 hv=0,0
09:55:17 tp raw=0,-1 out=0,0 hv=0,0
09:55:17 tp raw=0,-4 out=0,0 hv=0,0
09:55:17 tp raw=0,-1 out=0,0 hv=0,0
09:55:17 tp raw=0,-2 out=0,0 hv=0,0
09:55:17 tp raw=0,-2 out=0,0 hv=0,0
09:55:17 tp raw=0,-1 out=0,0 hv=0,0
09:55:17 tp raw=-18,-2 out=-14,0 hv=0,0
09:55:17 tp raw=0,-2 out=0,0 hv=0,0
09:55:17 tp raw=0,-1 out=0,0 hv=0,0
09:55:17 tp raw=0,-2 out=0,0 hv=0,0
09:55:17 tp raw=0,-2 out=0,0 hv=0,0
09:55:17 tp raw=0,-3 out=0,0 hv=0,0
09:55:17 tp raw=0,-1 out=0,0 hv=0,0
09:55:17 tp raw=0,-2 out=0,0 hv=0,0
09:55:17 tp raw=-3,-3 out=0,0 hv=0,0
09:55:17 tp raw=0,-2 out=0,0 hv=0,0
09:55:17 tp raw=0,-2 out=0,0 hv=0,0
09:55:17 tp raw=0,-1 out=0,0 hv=0,0
09:55:17 tp raw=0,-4 out=0,0 hv=0,0
09:55:17 tp raw=0,-1 out=0,0 hv=0,0
09:55:17 tp raw=0,-2 out=0,0 hv=0,0
09:55:17 tp raw=0,-2 out=0,0 hv=0,0
09:55:17 tp raw=0,-1 out=0,0 hv=0,0
09:55:17 tp raw=0,-2 out=0,0 hv=0,0
09:55:17 tp raw=0,-1 out=0,0 hv=0,0
09:55:17 tp raw=0,-2 out=0,0 hv=0,0
09:55:17 tp raw=-3,-3 out=0,0 hv=0,0
09:55:17 tp raw=-2,-5 out=0,0 hv=0,0
09:55:17 tp raw=0,-2 out=0,0 hv=0,0
09:55:17 tp raw=0,-2 out=0,0 hv=0,0
09:55:17 tp raw=0,-1 out=0,0 hv=0,0
09:55:17 tp raw=0,-2 out=0,0 hv=0,0
09:55:17 tp raw=0,-2 out=0,0 hv=0,0
09:55:17 tp raw=0,-1 out=0,0 hv=0,0
09:55:17 tp raw=0,-2 out=0,0 hv=0,0
09:55:17 tp raw=0,-2 out=0,0 hv=0,0
09:55:17 tp raw=0,-1 out=0,0 hv=0,0
09:55:17 tp raw=0,-3 out=0,0 hv=0,0
09:55:17 tp raw=0,-4 out=0,0 hv=0,0
09:55:17 tp raw=0,-3 out=0,0 hv=0,0
09:55:17 tp raw=0,-2 out=0,0 hv=0,0
09:55:17 tp raw=0,-1 out=0,0 hv=0,0
09:55:17 tp raw=0,-2 out=0,0 hv=0,0
09:55:17 tp raw=0,-3 out=0,0 hv=0,0
09:55:17 tp raw=0,-4 out=0,0 hv=0,0
09:55:17 tp raw=0,-3 out=0,0 hv=0,0
09:55:17 tp raw=0,-5 out=0,0 hv=0,0
09:55:17 tp raw=-2,-1 out=0,0 hv=0,0
09:55:17 tp raw=0,-4 out=0,0 hv=0,0
09:55:17 tp raw=0,-1 out=0,0 hv=0,0
09:55:17 tp raw=0,-2 out=0,0 hv=0,0
09:55:17 tp raw=0,-2 out=0,0 hv=0,0
09:55:17 tp raw=0,-1 out=0,0 hv=0,0
09:55:17 tp raw=0,-2 out=0,0 hv=0,0
09:55:17 tp raw=0,-5 out=0,0 hv=0,0
09:55:17 tp raw=0,-2 out=0,0 hv=0,0
09:55:17 tp raw=0,-3 out=0,0 hv=0,0
09:55:17 tp raw=0,-1 out=0,0 hv=0,0
09:55:17 tp raw=0,-2 out=0,0 hv=0,0
09:55:17 tp raw=0,-2 out=0,0 hv=0,0
09:55:17 tp raw=0,-3 out=0,0 hv=0,0
09:55:17 tp raw=0,-2 out=0,0 hv=0,0
09:55:17 tp raw=0,-5 out=0,0 hv=0,0
09:55:17 tp raw=0,-6 out=0,-3 hv=0,0
09:55:18 tp raw=-2,-7 out=0,-3 hv=0,0
09:55:18 tp raw=0,-5 out=0,0 hv=0,0
09:55:18 tp raw=0,-3 out=0,0 hv=0,0
09:55:18 tp raw=0,-2 out=0,0 hv=0,0
09:55:18 tp raw=0,-1 out=0,0 hv=0,0
09:55:18 tp raw=-1,-2 out=0,0 hv=0,0
09:55:18 tp raw=0,-2 out=0,0 hv=0,0
09:55:18 tp raw=-2,-1 out=0,0 hv=0,0
09:55:18 tp raw=0,-2 out=0,0 hv=0,0
09:55:18 tp raw=0,-3 out=0,0 hv=0,0
09:55:18 tp raw=0,-2 out=0,0 hv=0,0
09:55:18 tp raw=0,-3 out=0,0 hv=0,0
09:55:18 tp raw=0,-3 out=0,0 hv=0,0
09:55:18 tp raw=0,-4 out=0,0 hv=0,0
09:55:18 tp raw=0,-1 out=0,0 hv=0,0
09:55:18 tp raw=0,-2 out=0,0 hv=0,0
09:55:18 tp raw=0,-3 out=0,0 hv=0,0
09:55:18 tp raw=19,-4 out=15,0 hv=0,0
09:55:18 tp raw=2,-1 out=0,0 hv=0,0
09:55:18 tp raw=0,-2 out=0,0 hv=0,0
09:55:18 tp raw=0,-1 out=0,0 hv=0,0
09:55:18 tp raw=0,-2 out=0,0 hv=0,0
09:55:18 tp raw=0,-3 out=0,0 hv=0,0
09:55:18 tp raw=1,0 out=0,0 hv=0,0
09:55:18 tp raw=4,0 out=0,0 hv=0,0
09:55:18 tp raw=3,0 out=0,0 hv=0,0
09:55:18 tp raw=2,0 out=0,0 hv=0,0
09:55:18 tp raw=2,0 out=0,0 hv=0,0
09:55:18 tp raw=1,0 out=0,0 hv=0,0
09:55:18 tp raw=4,0 out=0,0 hv=0,0
09:55:18 tp raw=1,0 out=0,0 hv=0,0
09:55:18 tp raw=0,16 out=0,11 hv=0,0
09:55:18 tp raw=0,2 out=0,0 hv=0,0
09:55:18 tp raw=0,1 out=0,0 hv=0,0
09:55:18 tp raw=4,4 out=0,0 hv=0,0
09:55:18 tp raw=0,1 out=0,0 hv=0,0
09:55:18 tp raw=0,2 out=0,0 hv=0,0
09:55:18 tp raw=0,2 out=0,0 hv=0,0
09:55:18 tp raw=0,1 out=0,0 hv=0,0
09:55:18 tp raw=0,2 out=0,0 hv=0,0
09:55:18 tp raw=0,2 out=0,0 hv=0,0
09:55:18 tp raw=0,1 out=0,0 hv=0,0
09:55:18 tp raw=0,2 out=0,0 hv=0,0
09:55:18 tp raw=0,1 out=0,0 hv=0,0
09:55:18 tp raw=0,2 out=0,0 hv=0,0
09:55:18 tp raw=0,2 out=0,0 hv=0,0
09:55:18 tp raw=0,1 out=0,0 hv=0,0
09:55:18 tp raw=-19,0 out=-15,0 hv=0,0
09:55:18 tp raw=-2,0 out=0,0 hv=0,0
09:55:18 tp raw=-1,2 out=0,0 hv=0,0
09:55:18 tp raw=-4,2 out=0,0 hv=0,0
09:55:18 tp raw=-3,0 out=0,0 hv=0,0
09:55:18 tp raw=-11,0 out=-5,0 hv=0,0
09:55:18 tp raw=-5,3 out=0,0 hv=0,0
09:55:18 tp raw=-5,3 out=0,0 hv=0,0
09:55:18 tp raw=-3,4 out=0,0 hv=0,0
09:55:18 tp raw=-2,3 out=0,0 hv=0,0
09:55:18 tp raw=-2,3 out=0,0 hv=0,0
09:55:18 tp raw=-1,2 out=0,0 hv=0,0
09:55:18 tp raw=-2,3 out=0,0 hv=0,0
09:55:18 tp raw=-2,2 out=0,0 hv=0,0
09:55:18 tp raw=0,10 out=0,5 hv=0,0
09:55:18 tp raw=0,3 out=0,0 hv=0,0
09:55:18 tp raw=0,1 out=0,0 hv=0,0
09:55:18 tp raw=0,2 out=0,0 hv=0,0
09:55:18 tp raw=0,2 out=0,0 hv=0,0
09:55:18 tp raw=-3,0 out=0,0 hv=0,0
09:55:18 tp raw=0,1 out=0,0 hv=0,0
09:55:18 tp raw=0,2 out=0,0 hv=0,0
09:55:18 tp raw=19,0 out=15,0 hv=0,0
09:55:18 tp raw=6,0 out=3,0 hv=0,0
09:55:18 tp raw=4,0 out=0,0 hv=0,0
09:55:18 tp raw=3,0 out=0,0 hv=0,0
09:55:18 tp raw=2,0 out=0,0 hv=0,0
09:55:18 tp raw=2,0 out=0,0 hv=0,0
09:55:18 tp raw=1,0 out=0,0 hv=0,0
09:55:18 tp raw=2,0 out=0,0 hv=0,0
09:55:18 tp raw=5,0 out=0,0 hv=0,0
09:55:18 tp raw=4,0 out=0,0 hv=0,0
09:55:18 tp raw=3,0 out=0,0 hv=0,0
09:55:18 tp raw=0,-16 out=0,-11 hv=0,0
09:55:18 tp raw=0,-2 out=0,0 hv=0,0
09:55:18 tp raw=0,-2 out=0,0 hv=0,0
09:55:18 tp raw=0,-1 out=0,0 hv=0,0
09:55:18 tp raw=0,-2 out=0,0 hv=0,0
09:55:18 tp raw=0,-2 out=0,0 hv=0,0
09:55:18 tp raw=0,-1 out=0,0 hv=0,0
09:55:18 tp raw=0,-2 out=0,0 hv=0,0
09:55:18 tp raw=0,-2 out=0,0 hv=0,0
09:55:18 tp raw=0,-1 out=0,0 hv=0,0
09:55:18 tp raw=0,-2 out=0,0 hv=0,0
09:55:18 tp raw=0,-1 out=0,0 hv=0,0
09:55:18 tp raw=0,-4 out=0,0 hv=0,0
09:55:18 tp raw=0,-1 out=0,0 hv=0,0
09:55:18 tp raw=0,-2 out=0,0 hv=0,0
09:55:18 tp raw=0,-2 out=0,0 hv=0,0
09:55:18 tp raw=0,-1 out=0,0 hv=0,0
09:55:18 tp raw=0,-2 out=0,0 hv=0,0
09:55:18 tp raw=0,-2 out=0,0 hv=0,0
09:55:18 tp raw=0,-1 out=0,0 hv=0,0
09:55:18 tp raw=2,0 out=0,0 hv=0,0
09:55:18 tp raw=0,-2 out=0,0 hv=0,0
09:55:18 tp raw=0,-2 out=0,0 hv=0,0
09:55:18 tp raw=2,-1 out=0,0 hv=0,0
09:55:18 tp raw=0,-3 out=0,0 hv=0,0
09:55:18 tp raw=0,-9 out=0,-4 hv=0,0
09:55:18 tp raw=0,-3 out=0,0 hv=0,0
09:55:18 tp raw=0,-3 out=0,0 hv=0,0
09:55:18 tp raw=0,-4 out=0,0 hv=0,0
09:55:18 tp raw=0,-3 out=0,0 hv=0,0
09:55:18 tp raw=0,-2 out=0,0 hv=0,0
09:55:18 tp raw=0,-4 out=0,0 hv=0,0
09:55:18 tp raw=0,-4 out=0,0 hv=0,0
09:55:18 tp raw=0,-5 out=0,0 hv=0,0
09:55:18 tp raw=0,-1 out=0,0 hv=0,0
09:55:18 tp raw=0,-4 out=0,0 hv=0,0
09:55:18 tp raw=0,-6 out=0,-3 hv=0,0
09:55:18 tp raw=0,-5 out=0,0 hv=0,0
09:55:18 tp raw=0,-5 out=0,0 hv=0,0
09:55:18 tp raw=-18,-5 out=-14,0 hv=0,0
09:55:18 tp raw=-3,-7 out=0,-3 hv=0,0
09:55:18 tp raw=-2,-5 out=0,0 hv=0,0
09:55:18 tp raw=0,-3 out=0,0 hv=0,0
09:55:18 tp raw=-1,-5 out=0,0 hv=0,0
09:55:18 tp raw=0,-5 out=0,0 hv=0,0
09:55:18 tp raw=0,-5 out=0,0 hv=0,0
09:55:18 tp raw=-4,-9 out=0,-4 hv=0,0
09:55:18 tp raw=-2,-4 out=0,0 hv=0,0
09:55:18 tp raw=-1,-6 out=0,-3 hv=0,0
09:55:18 tp raw=0,-12 out=0,-6 hv=0,0
09:55:18 tp raw=-11,-15 out=-5,-10 hv=0,0
09:55:18 tp raw=-5,-16 out=0,-11 hv=0,0
09:55:18 tp raw=0,-5 out=0,0 hv=0,0
09:55:18 tp raw=-1,-3 out=0,0 hv=0,0
09:55:18 tp raw=0,-4 out=0,0 hv=0,0
09:55:18 tp raw=0,-1 out=0,0 hv=0,0
09:55:18 tp raw=-7,-8 out=-3,-4 hv=0,0
09:55:18 tp raw=-2,-4 out=0,0 hv=0,0
09:55:18 tp raw=-2,-1 out=0,0 hv=0,0
09:55:18 tp raw=-1,-4 out=0,0 hv=0,0
09:55:18 tp raw=-4,-1 out=0,0 hv=0,0
09:55:18 tp raw=-2,-5 out=0,0 hv=0,0
09:55:18 tp raw=-1,-4 out=0,0 hv=0,0
09:55:18 tp raw=-2,-5 out=0,0 hv=0,0
09:55:18 tp raw=-3,-9 out=0,-4 hv=0,0
09:55:19 tp raw=-2,-4 out=0,0 hv=0,0
09:55:19 tp raw=-2,-1 out=0,0 hv=0,0
09:55:19 tp raw=-2,-2 out=0,0 hv=0,0
09:55:19 tp raw=-1,-5 out=0,0 hv=0,0
09:55:19 tp raw=-2,-3 out=0,0 hv=0,0
09:55:19 tp raw=0,-5 out=0,0 hv=0,0
09:55:19 tp raw=0,-7 out=0,-3 hv=0,0
09:55:19 tp raw=0,-3 out=0,0 hv=0,0
09:55:19 tp raw=-9,-8 out=-4,-4 hv=0,0
09:55:19 tp raw=-3,-7 out=0,-3 hv=0,0
09:55:19 tp raw=-9,-11 out=-4,-5 hv=0,0
09:55:19 tp raw=-5,-9 out=0,-4 hv=0,0
09:55:19 tp raw=-1,-3 out=0,0 hv=0,0
09:55:19 tp raw=0,-1 out=0,0 hv=0,0
09:55:19 tp raw=-2,-4 out=0,0 hv=0,0
09:55:19 tp raw=-2,-5 out=0,0 hv=0,0
09:55:19 tp raw=0,-3 out=0,0 hv=0,0
09:55:19 tp raw=-2,-5 out=0,0 hv=0,0
09:55:19 tp raw=-1,-2 out=0,0 hv=0,0
09:55:19 tp raw=0,-3 out=0,0 hv=0,0
09:55:19 tp raw=-2,-1 out=0,0 hv=0,0
09:55:19 tp raw=0,-4 out=0,0 hv=0,0
09:55:19 tp raw=0,-3 out=0,0 hv=0,0
09:55:19 tp raw=-2,-7 out=0,-3 hv=0,0
09:55:19 tp raw=-1,-1 out=0,0 hv=0,0
09:55:19 tp raw=0,-4 out=0,0 hv=0,0
09:55:19 tp raw=0,-1 out=0,0 hv=0,0
09:55:19 tp raw=0,-3 out=0,0 hv=0,0
09:55:19 tp raw=-2,-7 out=0,-3 hv=0,0
09:55:19 tp raw=-2,-3 out=0,0 hv=0,0
09:55:19 tp raw=0,-4 out=0,0 hv=0,0
09:55:19 tp raw=0,-3 out=0,0 hv=0,0
09:55:19 tp raw=0,-2 out=0,0 hv=0,0
09:55:19 tp raw=0,-3 out=0,0 hv=0,0
09:55:19 tp raw=-2,-8 out=0,-4 hv=0,0
09:55:19 tp raw=-3,-3 out=0,0 hv=0,0
09:55:19 tp raw=-3,-5 out=0,0 hv=0,0
09:55:19 tp raw=0,-5 out=0,0 hv=0,0
09:55:19 tp raw=0,-2 out=0,0 hv=0,0
09:55:19 tp raw=0,-2 out=0,0 hv=0,0
09:55:19 tp raw=-2,-1 out=0,0 hv=0,0
09:55:19 tp raw=-2,0 out=0,0 hv=0,0
09:55:19 tp raw=-3,0 out=0,0 hv=0,0
09:55:19 tp raw=0,-5 out=0,0 hv=0,0
09:55:19 tp raw=0,-2 out=0,0 hv=0,0
09:55:19 tp raw=0,-1 out=0,0 hv=0,0
09:55:19 tp raw=0,-2 out=0,0 hv=0,0
09:55:19 tp raw=0,-2 out=0,0 hv=0,0
09:55:19 tp raw=0,-1 out=0,0 hv=0,0
09:55:19 tp raw=0,-2 out=0,0 hv=0,0
09:55:19 tp raw=0,-2 out=0,0 hv=0,0
09:55:19 tp raw=0,-1 out=0,0 hv=0,0
09:55:19 tp raw=0,-2 out=0,0 hv=0,0
09:55:19 tp raw=-2,-2 out=0,0 hv=0,0
09:55:19 tp raw=0,-1 out=0,0 hv=0,0
09:55:19 tp raw=0,-2 out=0,0 hv=0,0
09:55:19 tp raw=0,-2 out=0,0 hv=0,0
09:55:19 tp raw=0,-3 out=0,0 hv=0,0
09:55:19 tp raw=0,-3 out=0,0 hv=0,0
09:55:19 tp raw=0,-5 out=0,0 hv=0,0
09:55:19 tp raw=0,-3 out=0,0 hv=0,0
09:55:19 tp raw=0,-4 out=0,0 hv=0,0
09:55:19 tp raw=0,-3 out=0,0 hv=0,0
09:55:19 tp raw=0,-2 out=0,0 hv=0,0
09:55:19 tp raw=0,-3 out=0,0 hv=0,0
09:55:19 tp raw=0,-1 out=0,0 hv=0,0
09:55:19 tp raw=-2,-2 out=0,0 hv=0,0
09:55:19 tp raw=0,-5 out=0,0 hv=0,0
09:55:19 tp raw=0,-2 out=0,0 hv=0,0
09:55:19 tp raw=-1,-1 out=0,0 hv=0,0
09:55:19 tp raw=-2,-5 out=0,0 hv=0,0
09:55:19 tp raw=0,-5 out=0,0 hv=0,0
09:55:19 tp raw=0,-3 out=0,0 hv=0,0
09:55:19 tp raw=0,-2 out=0,0 hv=0,0
09:55:19 tp raw=-2,-3 out=0,0 hv=0,0
09:55:19 tp raw=-1,-2 out=0,0 hv=0,0
09:55:19 tp raw=-2,-2 out=0,0 hv=0,0
09:55:19 tp raw=0,-6 out=0,-3 hv=0,0
09:55:19 tp raw=0,-5 out=0,0 hv=0,0
09:55:19 tp raw=-2,-4 out=0,0 hv=0,0
09:55:19 tp raw=-2,-6 out=0,-3 hv=0,0
09:55:19 tp raw=0,-5 out=0,0 hv=0,0
09:55:19 tp raw=0,-8 out=0,-4 hv=0,0
09:55:19 tp raw=-1,-7 out=0,-3 hv=0,0
09:55:19 tp raw=0,-16 out=0,-11 hv=0,0
09:55:19 tp raw=-2,-9 out=0,-4 hv=0,0
09:55:19 tp raw=-2,-8 out=0,-4 hv=0,0
09:55:19 tp raw=0,-1 out=0,0 hv=0,0
09:55:19 tp raw=0,-2 out=0,0 hv=0,0
09:55:19 tp raw=0,-5 out=0,0 hv=0,0
09:55:19 tp raw=-1,-3 out=0,0 hv=0,0
09:55:19 tp raw=-2,-5 out=0,0 hv=0,0
09:55:19 tp raw=-2,-10 out=0,-5 hv=0,0
09:55:19 tp raw=-3,-3 out=0,0 hv=0,0
09:55:19 tp raw=0,-4 out=0,0 hv=0,0
09:55:19 tp raw=0,-1 out=0,0 hv=0,0
09:55:19 tp raw=-2,-5 out=0,0 hv=0,0
09:55:19 tp raw=0,-3 out=0,0 hv=0,0
09:55:19 tp raw=-2,-7 out=0,-3 hv=0,0
09:55:19 tp raw=0,-7 out=0,-3 hv=0,0
09:55:19 tp raw=-5,-10 out=0,-5 hv=0,0
09:55:19 tp raw=0,-3 out=0,0 hv=0,0
09:55:19 tp raw=0,-3 out=0,0 hv=0,0
09:55:19 tp raw=0,-5 out=0,0 hv=0,0
09:55:19 tp raw=0,-3 out=0,0 hv=0,0
09:55:19 tp raw=0,-4 out=0,0 hv=0,0
09:55:19 tp raw=0,-6 out=0,-3 hv=0,0
09:55:19 tp raw=-2,-3 out=0,0 hv=0,0
09:55:19 tp raw=0,-2 out=0,0 hv=0,0
09:55:19 tp raw=-1,-5 out=0,0 hv=0,0
09:55:19 tp raw=0,-8 out=0,-4 hv=0,0
09:55:19 tp raw=-4,-12 out=0,-6 hv=0,0
09:55:19 tp raw=-5,-10 out=0,-5 hv=0,0
09:55:19 tp raw=0,-3 out=0,0 hv=0,0
09:55:19 tp raw=0,-3 out=0,0 hv=0,0
09:55:19 tp raw=0,-4 out=0,0 hv=0,0
09:55:19 tp raw=0,-4 out=0,0 hv=0,0
09:55:19 tp raw=0,-2 out=0,0 hv=0,0
09:55:19 tp raw=-2,-8 out=0,-4 hv=0,0
09:55:19 tp raw=-3,-2 out=0,0 hv=0,0
09:55:19 tp raw=-2,-2 out=0,0 hv=0,0
09:55:19 tp raw=-1,-1 out=0,0 hv=0,0
09:55:19 tp raw=0,-4 out=0,0 hv=0,0
09:55:19 tp raw=0,-3 out=0,0 hv=0,0
09:55:19 tp raw=0,22 out=0,20 hv=0,0
09:55:19 tp raw=0,21 out=0,18 hv=0,0
09:55:19 tp raw=17,13 out=13,7 hv=0,0
09:55:19 tp raw=5,15 out=0,10 hv=0,0
09:55:19 tp raw=3,20 out=0,17 hv=0,0
09:55:19 tp raw=4,18 out=0,14 hv=0,0
09:55:19 tp raw=0,44 out=0,50 hv=0,0
09:55:19 tp raw=3,72 out=0,90 hv=0,0
09:55:19 tp raw=12,84 out=6,106 hv=0,0
09:55:19 T6 status: RESET: 0, OFL: 0. SIGERR: 0, CAL: 1, CFGERR: 0. COMSERR: 0
09:55:19 T6 status: RESET: 0, OFL: 0. SIGERR: 0, CAL: 0, CFGERR: 0. COMSERR: 0
